CHECK github.com/sema/cadencecheck/examples/negative/entrypoint/func-as-a-value.workflowImpl
OK - No issues found
