CHECK github.com/sema/cadencecheck/examples/negative/entrypoint/gateway.workflowImpl
OK - No issues found
