CHECK github.com/sema/cadencecheck/examples/negative/entrypoint/fx.workflowImpl
OK - No issues found
